[play.geforcenow.com/mall/index.html]
[play.geforcenow.com/mall/manifest.webmanifest]
[backblue.gif]
[fade.gif]
[index.html]
[www.nvidia.com/content/dam/en-zz/Solutions/gfn/webassets/geforce-now-og-no-text-1200x630.jpg]
[play.geforcenow.com/mall/gfn-service-worker.js]
[play.geforcenow.com/mall/assets/img/GFN_logo1024.png]
[play.geforcenow.com/mall/assets/icons/GFN-Logo-120.png]
[play.geforcenow.com/mall/assets/icons/GFN-Logo-152.png]
[play.geforcenow.com/mall/assets/icons/GFN-Logo-167.png]
[play.geforcenow.com/mall/assets/icons/GFN-Logo-180.png]
[play.geforcenow.com/mall/assets/img/splash_iPad129Pro_landscape_v3.png]
[play.geforcenow.com/mall/assets/img/splash_iPad129Pro_portrait_v3.png]
[play.geforcenow.com/mall/assets/img/splash_iPad110Pro_landscape_v3.png]
[play.geforcenow.com/mall/assets/img/splash_iPad110Pro_portrait_v3.png]
[play.geforcenow.com/mall/assets/img/splash_iPad105Air_landscape_v3.png]
[play.geforcenow.com/mall/assets/img/splash_iPad105Air_portrait_v3.png]
[play.geforcenow.com/mall/assets/img/splash_iPad109Air_landscape_v4.png]
[play.geforcenow.com/mall/assets/img/splash_iPad109Air_portrait_v4.png]
[play.geforcenow.com/mall/assets/img/splash_iPad102_landscape_v3.png]
[play.geforcenow.com/mall/assets/img/splash_iPad102_portrait_v3.png]
[play.geforcenow.com/mall/assets/img/splash_iPad097Pro_landscape_v3.png]
[play.geforcenow.com/mall/assets/img/splash_iPad097Pro_portrait_v3.png]
[play.geforcenow.com/mall/assets/img/splash_iPhone12ProMax_v3.png]
[play.geforcenow.com/mall/assets/img/splash_iPhone12Pro_v3.png]
[play.geforcenow.com/mall/assets/img/splash_iPhone12Mini_v3.png]
[play.geforcenow.com/mall/assets/img/splash_iPhone11ProMax_v3.png]
[play.geforcenow.com/mall/assets/img/splash_iPhone11_v3.png]
[play.geforcenow.com/mall/assets/img/splash_iPhone8Plus_v3.png]
[play.geforcenow.com/mall/assets/img/splash_iPhone8_v3.png]
[play.geforcenow.com/mall/assets/img/splash_iPhoneSEOld_v3.png]
[play.geforcenow.com/mall/assets/hashed/NVIDIASans_W_Rg.8ae82cb5ee5f81bd6aae.woff2]
[play.geforcenow.com/mall/assets/hashed/NVIDIASans_W_Md.01967ddb8c30c4ae00cd.woff2]
[play.geforcenow.com/mall/assets/hashed/NVIDIASans_W_Bd.944051b1e910134743b5.woff2]
[play.geforcenow.com/mall/styles.8fd0cc4fc8e5310e22da.css]
[play.geforcenow.com/mall/assets/img/splash-gfn-logo-v3.svg]
[play.geforcenow.com/mall/runtime.f57e87e0f42d0b32a437.js]
[play.geforcenow.com/mall/polyfills.1a7c08c06f0350cfac91.js]
[play.geforcenow.com/mall/index.html]
[play.geforcenow.com/mall/$WEBAPIS/webapis/webapis.js]
[play.geforcenow.com/mall/vendor.9effd71511017ae0a5ad.js]
[play.geforcenow.com/mall/assets/hashed/gfn_background_tile.f5b6255f90313d1dc5f0.png]
[play.geforcenow.com/mall/assets/hashed/spotlight-bg.f61f4d8cba4a513a9a5c.png]
[play.geforcenow.com/mall/main.46435265886d37ce8cee.js]
[play.geforcenow.com/mall/assets/hashed/MaterialIcons-Regular.4674f8ded773cb03e824.eot]
[play.geforcenow.com/mall/assets/hashed/MaterialIcons-Regular.cff684e59ffb052d72cb.woff2]
[play.geforcenow.com/mall/assets/hashed/MaterialIcons-Regular.83bebaf37c09c7e1c3ee.woff]
[play.geforcenow.com/mall/assets/hashed/MaterialIcons-Regular.5e7382c63da0098d634a.ttf]
[play.geforcenow.com/mall/assets/hashed/nv-custom-icons.a8c836e496705fc31fde.woff2]
[play.geforcenow.com/mall/styles.8fd0cc4fc8e5310e22da.css]
[play.geforcenow.com/mall/assets/img/splash-gfn-logo-v3.svg]
